START scale32
scale32 cpu 2 {'input_shape': [1, 3, 2, 2], 'output_shape': [1, 3, 64, 64], 'output': {'max_abs_error': 7.748603820800781e-07, 'mean_abs_error': 8.469214662909508e-08, 'elements': 12288}, 'input_gradient': {'max_abs_error': 6.705522537231445e-08, 'mean_abs_error': 3.632158041000366e-08, 'elements': 12}, 'RDN_gradient': {'max_abs_error': 2.1606683731079102e-07, 'mean_abs_error': 2.125339370591132e-11, 'elements': 21973964, 'tensors': 298, 'none_tensors': 0, 'worst_parameter': 'sub_mean.bias'}, 'P2W_gradient': {'max_abs_error': 4.842877388000488e-08, 'mean_abs_error': 2.9193550045650773e-10, 'elements': 445120, 'tensors': 4, 'none_tensors': 0, 'worst_parameter': 'P2W.meta_block.0.weight'}, 'all_parameter_gradients': {'max_abs_error': 2.1606683731079102e-07, 'mean_abs_error': 2.663503530887259e-11, 'elements': 22419096, 'tensors': 304, 'none_tensors': 0, 'worst_parameter': 'sub_mean.bias'}}
scale32 cpu 4 {'input_shape': [1, 3, 4, 4], 'output_shape': [1, 3, 128, 128], 'output': {'max_abs_error': 1.430511474609375e-06, 'mean_abs_error': 9.96584882765698e-08, 'elements': 49152}, 'input_gradient': {'max_abs_error': 4.470348358154297e-08, 'mean_abs_error': 1.469743438065052e-08, 'elements': 48}, 'RDN_gradient': {'max_abs_error': 1.1920928955078125e-07, 'mean_abs_error': 4.411203749249648e-11, 'elements': 21973964, 'tensors': 298, 'none_tensors': 0, 'worst_parameter': 'sub_mean.bias'}, 'P2W_gradient': {'max_abs_error': 1.0803341865539551e-07, 'mean_abs_error': 4.4741568727833267e-10, 'elements': 445120, 'tensors': 4, 'none_tensors': 0, 'worst_parameter': 'P2W.meta_block.0.weight'}, 'all_parameter_gradients': {'max_abs_error': 8.344650268554688e-07, 'mean_abs_error': 5.2161239524588195e-11, 'elements': 22419096, 'tensors': 304, 'none_tensors': 0, 'worst_parameter': 'add_mean.bias'}}
PASS scale32
START architecture
PASS architecture
START crops_boundaries_stream
PASS crops_boundaries_stream
START checkpoint_train
PASS checkpoint_train
START classification_microbatch
Traceback (most recent call last):
  File "D:\sdx_model\E2E_MetaSR\audit\check_math.py", line 419, in <module>
    main()
  File "D:\sdx_model\E2E_MetaSR\audit\check_math.py", line 411, in main
    results[name] = function()
  File "D:\sdx_model\E2E_MetaSR\audit\check_math.py", line 298, in classifier_microbatch
    result.update({"RDN_gradients": compare_dicts(a["grads"], b["grads"], "sr."),
  File "D:\sdx_model\E2E_MetaSR\audit\check_math.py", line 88, in compare_dicts
    result = error(x, y, atol=atol)
  File "D:\sdx_model\E2E_MetaSR\audit\check_math.py", line 68, in error
    torch.testing.assert_close(a, b, atol=atol, rtol=rtol)
  File "D:\conda\envs\clam_latest\lib\site-packages\torch\testing\_comparison.py", line 1631, in assert_close
    raise error_metas[0].to_error(msg)
AssertionError: Tensor-likes are not close!

Mismatched elements: 44 / 1728 (2.5%)
Greatest absolute difference: 2.7297763153910637e-05 at index (63, 1, 0, 2) (up to 1e-05 allowed)
Greatest relative difference: 0.26384812593460083 at index (54, 2, 0, 0) (up to 0.0005 allowed)
