{
  "precision": "fp32",
  "data_root": "D:\\ddata",
  "same_initial_state": true,
  "initial_state_sha256": "f60161eef8a0a3d2453e7b93a8f91bb6f7d910f11a9f917d84d3ad48f0b054c4",
  "same_hr_crops": true,
  "hr_crops": [
    {
      "paths": [
        "D:\\ddata\\images_8192\\normal_001_31168_86336.jpg"
      ],
      "box_y_x_h_w": [
        7700,
        6701,
        256,
        256
      ]
    },
    {
      "paths": [
        "D:\\ddata\\images_8192\\normal_001_57152_100032.jpg"
      ],
      "box_y_x_h_w": [
        5804,
        3659,
        256,
        256
      ]
    }
  ],
  "atol": 2e-05,
  "rtol": 0.0002,
  "tolerance_source": "tests/test_engine.py batching gradient comparison",
  "losses": {
    "loss_total": {
      "full": 1.0598981380462646,
      "micro1": 1.0598981380462646,
      "abs_error": 0.0
    },
    "loss_cls": {
      "full": 0.9736133217811584,
      "micro1": 0.9736133217811584,
      "abs_error": 0.0
    },
    "loss_sr": {
      "full": 0.8628484010696411,
      "micro1": 0.8628484010696411,
      "abs_error": 0.0
    }
  },
  "logits_max_abs_error": 0.0,
  "parameter_tensors_compared": 227,
  "none_in_both": [],
  "all_parameters": {
    "elements": 22970266,
    "reference_sq": 1313.709990033951,
    "actual_sq": 1313.7100925556888,
    "difference_sq": 9.54420914715432e-10,
    "dot": 1313.7100412943455,
    "outside_tolerance": 0,
    "bitwise_different": 20512773,
    "significant_reference_elements": 16650535,
    "sign_flips_on_significant_elements": 0,
    "max_abs_error": 9.611248970031738e-07,
    "reference_l2": 36.24513746744453,
    "actual_l2": 36.245138881727144,
    "relative_l2_error": 8.523544298275612e-07,
    "cosine_similarity": 0.9999999999996396,
    "allclose": true,
    "bitwise_equal": false
  },
  "groups": {
    "classifier": {
      "elements": 1026,
      "reference_sq": 439.8658945547784,
      "actual_sq": 439.8658945547784,
      "difference_sq": 0.0,
      "dot": 439.8658945547783,
      "outside_tolerance": 0,
      "bitwise_different": 0,
      "significant_reference_elements": 1024,
      "sign_flips_on_significant_elements": 0,
      "max_abs_error": 0.0,
      "reference_l2": 20.972980106670068,
      "actual_l2": 20.972980106670068,
      "relative_l2_error": 0.0,
      "cosine_similarity": 0.9999999999999999,
      "allclose": true,
      "bitwise_equal": true
    },
    "mil_head": {
      "elements": 131456,
      "reference_sq": 0.0004417362864253166,
      "actual_sq": 0.0004417362864253166,
      "difference_sq": 0.0,
      "dot": 0.00044173628642531714,
      "outside_tolerance": 0,
      "bitwise_different": 0,
      "significant_reference_elements": 47977,
      "sign_flips_on_significant_elements": 0,
      "max_abs_error": 0.0,
      "reference_l2": 0.021017523318062874,
      "actual_l2": 0.021017523318062874,
      "relative_l2_error": 0.0,
      "cosine_similarity": 1.0,
      "allclose": true,
      "bitwise_equal": true
    },
    "pos2weight": {
      "elements": 445120,
      "reference_sq": 2.08395083280502,
      "actual_sq": 2.08395083280502,
      "difference_sq": 0.0,
      "dot": 2.0839508328050274,
      "outside_tolerance": 0,
      "bitwise_different": 0,
      "significant_reference_elements": 279836,
      "sign_flips_on_significant_elements": 0,
      "max_abs_error": 0.0,
      "reference_l2": 1.4435895652175585,
      "actual_l2": 1.4435895652175585,
      "relative_l2_error": 0.0,
      "cosine_similarity": 1.0,
      "allclose": true,
      "bitwise_equal": true
    },
    "rdn": {
      "elements": 11024856,
      "reference_sq": 13.16364838113635,
      "actual_sq": 13.163651362751164,
      "difference_sq": 1.110388995069912e-10,
      "dot": 13.163649871888229,
      "outside_tolerance": 0,
      "bitwise_different": 10321977,
      "significant_reference_elements": 5782170,
      "sign_flips_on_significant_elements": 0,
      "max_abs_error": 7.152557373046875e-07,
      "reference_l2": 3.628174249004084,
      "actual_l2": 3.628174659901472,
      "relative_l2_error": 2.9043532523112744e-06,
      "cosine_similarity": 0.9999999999957881,
      "allclose": true,
      "bitwise_equal": false
    },
    "region_encoder": {
      "elements": 11367808,
      "reference_sq": 858.5960545289448,
      "actual_sq": 858.5961540690677,
      "difference_sq": 8.433820152084411e-10,
      "dot": 858.5961042985872,
      "outside_tolerance": 0,
      "bitwise_different": 10190796,
      "significant_reference_elements": 10539528,
      "sign_flips_on_significant_elements": 0,
      "max_abs_error": 9.611248970031738e-07,
      "reference_l2": 29.301809748357606,
      "actual_l2": 29.301811446889552,
      "relative_l2_error": 9.911005646931195e-07,
      "cosine_similarity": 0.9999999999995135,
      "allclose": true,
      "bitwise_equal": false
    }
  },
  "forward_tolerance": {
    "atol": 3e-06,
    "rtol": 3e-05
  },
  "forward_close": true,
  "post_adam": {
    "tolerances": {
      "parameters": {
        "atol": 1e-07,
        "rtol": 1e-05
      },
      "updates": {
        "atol": 1e-07,
        "rtol": 0.0001
      },
      "exp_avg": {
        "atol": 2e-06,
        "rtol": 0.0002
      },
      "exp_avg_sq": {
        "atol": 2e-08,
        "rtol": 0.0004
      }
    },
    "metrics": {
      "parameters": {
        "elements": 22970266,
        "reference_sq": 14899.40114863835,
        "actual_sq": 14899.401148700808,
        "difference_sq": 1.765189974117345e-10,
        "dot": 14899.401148669722,
        "outside_tolerance": 219,
        "bitwise_different": 130910,
        "significant_reference_elements": 22970111,
        "sign_flips_on_significant_elements": 0,
        "max_abs_error": 1.090019941329956e-05,
        "reference_l2": 122.06310314193372,
        "actual_l2": 122.06310314218956,
        "relative_l2_error": 1.0884571071343298e-07,
        "cosine_similarity": 1.0,
        "allclose": false,
        "bitwise_equal": false
      },
      "updates": {
        "elements": 22970266,
        "reference_sq": 0.0022792282382490133,
        "actual_sq": 0.002279228211956346,
        "difference_sq": 1.765189974117345e-10,
        "dot": 0.0022792281368431795,
        "outside_tolerance": 430,
        "bitwise_different": 130910,
        "significant_reference_elements": 22970008,
        "sign_flips_on_significant_elements": 8,
        "max_abs_error": 1.090019941329956e-05,
        "reference_l2": 0.047741263475624664,
        "actual_l2": 0.04774126320025839,
        "relative_l2_error": 0.0002782927020805457,
        "cosine_similarity": 0.9999999612765852,
        "allclose": false,
        "bitwise_equal": false
      },
      "exp_avg": {
        "elements": 22970266,
        "reference_sq": 13.137104118033188,
        "actual_sq": 13.137105141136658,
        "difference_sq": 9.550592454401127e-12,
        "dot": 13.137104629580184,
        "outside_tolerance": 0,
        "bitwise_different": 20002560,
        "significant_reference_elements": 16653949,
        "sign_flips_on_significant_elements": 0,
        "max_abs_error": 9.685754776000977e-08,
        "reference_l2": 3.6245143285733037,
        "actual_l2": 3.6245144697099305,
        "relative_l2_error": 8.52639278894325e-07,
        "cosine_similarity": 0.9999999999996401,
        "allclose": true,
        "bitwise_equal": false
      },
      "exp_avg_sq": {
        "elements": 22970266,
        "reference_sq": 0.000632472767031801,
        "actual_sq": 0.0006324727759342987,
        "difference_sq": 2.0375875653885542e-17,
        "dot": 0.0006324727714830396,
        "outside_tolerance": 0,
        "bitwise_different": 20236050,
        "significant_reference_elements": 2930760,
        "sign_flips_on_significant_elements": 0,
        "max_abs_error": 5.093170329928398e-10,
        "reference_l2": 0.025149011253562253,
        "actual_l2": 0.02514901143055724,
        "relative_l2_error": 1.7948874692248247e-07,
        "cosine_similarity": 0.9999999999999839,
        "allclose": true,
        "bitwise_equal": false
      }
    },
    "all_adam_steps_equal_one": true,
    "adam_parameter_count": 227,
    "parameters_without_adam_state": [],
    "worst_updates": [
      {
        "name": "sr.GFF.0.weight",
        "elements": 32768,
        "reference_sq": 3.2765138246155707e-06,
        "actual_sq": 3.2764909907492824e-06,
        "difference_sq": 1.188143613266802e-10,
        "dot": 3.2764430005017635e-06,
        "outside_tolerance": 1,
        "bitwise_different": 48,
        "significant_reference_elements": 32768,
        "sign_flips_on_significant_elements": 1,
        "max_abs_error": 1.090019941329956e-05,
        "reference_l2": 0.001810114312582377,
        "actual_l2": 0.001810108005271863,
        "relative_l2_error": 0.006021829661945665,
        "cosine_similarity": 0.9999818687266541,
        "allclose": false,
        "bitwise_equal": false
      },
      {
        "name": "sr.RDBs.2.convs.0.conv.0.weight",
        "elements": 36864,
        "reference_sq": 3.678696335338642e-06,
        "actual_sq": 3.678701910800294e-06,
        "difference_sq": 5.212185806511788e-12,
        "dot": 3.678696516976565e-06,
        "outside_tolerance": 2,
        "bitwise_different": 96,
        "significant_reference_elements": 36864,
        "sign_flips_on_significant_elements": 1,
        "max_abs_error": 2.2407621145248413e-06,
        "reference_l2": 0.001917992788135201,
        "actual_l2": 0.0019179942415972718,
        "relative_l2_error": 0.0011903179280056695,
        "cosine_similarity": 0.9999992915724392,
        "allclose": false,
        "bitwise_equal": false
      },
      {
        "name": "sr.RDBs.5.convs.2.conv.0.weight",
        "elements": 110592,
        "reference_sq": 1.0910613951616433e-05,
        "actual_sq": 1.0910619142145944e-05,
        "difference_sq": 3.641522654366844e-12,
        "dot": 1.091061472611986e-05,
        "outside_tolerance": 4,
        "bitwise_different": 787,
        "significant_reference_elements": 110590,
        "sign_flips_on_significant_elements": 0,
        "max_abs_error": 1.8887221813201904e-06,
        "reference_l2": 0.0033031218493444095,
        "actual_l2": 0.0033031226350448972,
        "relative_l2_error": 0.0005777193491548831,
        "cosine_similarity": 0.9999998331202448,
        "allclose": false,
        "bitwise_equal": false
      },
      {
        "name": "sr.RDBs.4.LFF.weight",
        "elements": 36864,
        "reference_sq": 3.674374186949125e-06,
        "actual_sq": 3.674389657927413e-06,
        "difference_sq": 2.6079245336565883e-12,
        "dot": 3.6743806184760026e-06,
        "outside_tolerance": 2,
        "bitwise_different": 92,
        "significant_reference_elements": 36864,
        "sign_flips_on_significant_elements": 0,
        "max_abs_error": 1.605600118637085e-06,
        "reference_l2": 0.0019168657195925659,
        "actual_l2": 0.001916869755076597,
        "relative_l2_error": 0.0008424726662795641,
        "cosine_similarity": 0.9999996451228665,
        "allclose": false,
        "bitwise_equal": false
      },
      {
        "name": "region_encoder.layer3.0.conv2.weight",
        "elements": 589824,
        "reference_sq": 5.893320160913141e-05,
        "actual_sq": 5.8933208567907465e-05,
        "difference_sq": 2.2207803853785378e-12,
        "dot": 5.893320397812923e-05,
        "outside_tolerance": 3,
        "bitwise_different": 909,
        "significant_reference_elements": 589824,
        "sign_flips_on_significant_elements": 0,
        "max_abs_error": 1.4242250472307205e-06,
        "reference_l2": 0.007676796311556756,
        "actual_l2": 0.007676796764791124,
        "relative_l2_error": 0.0001941211202266128,
        "cosine_similarity": 0.9999999811584979,
        "allclose": false,
        "bitwise_equal": false
      },
      {
        "name": "sr.RDBs.0.convs.2.conv.0.weight",
        "elements": 110592,
        "reference_sq": 1.0948113515478695e-05,
        "actual_sq": 1.0948121793861997e-05,
        "difference_sq": 1.579513947413289e-12,
        "dot": 1.0948116864913374e-05,
        "outside_tolerance": 2,
        "bitwise_different": 793,
        "significant_reference_elements": 110590,
        "sign_flips_on_significant_elements": 0,
        "max_abs_error": 1.2097880244255066e-06,
        "reference_l2": 0.003308793362462923,
        "actual_l2": 0.003308794613429791,
        "relative_l2_error": 0.00037983246915504866,
        "cosine_similarity": 0.9999999278637466,
        "allclose": false,
        "bitwise_equal": false
      },
      {
        "name": "sr.RDBs.7.convs.7.conv.0.weight",
        "elements": 294912,
        "reference_sq": 2.874469390176075e-05,
        "actual_sq": 2.874470491190117e-05,
        "difference_sq": 1.656163540103514e-12,
        "dot": 2.874469857874918e-05,
        "outside_tolerance": 6,
        "bitwise_different": 3965,
        "significant_reference_elements": 294902,
        "sign_flips_on_significant_elements": 0,
        "max_abs_error": 1.1874362826347351e-06,
        "reference_l2": 0.005361407828337698,
        "actual_l2": 0.005361408855133244,
        "relative_l2_error": 0.00024003400179201543,
        "cosine_similarity": 0.9999999711918626,
        "allclose": false,
        "bitwise_equal": false
      },
      {
        "name": "sr.RDBs.2.convs.4.conv.0.weight",
        "elements": 184320,
        "reference_sq": 1.8195463547088075e-05,
        "actual_sq": 1.8195464733476624e-05,
        "difference_sq": 1.886390133371939e-12,
        "dot": 1.819546319708728e-05,
        "outside_tolerance": 8,
        "bitwise_different": 1507,
        "significant_reference_elements": 184316,
        "sign_flips_on_significant_elements": 0,
        "max_abs_error": 1.1087395250797272e-06,
        "reference_l2": 0.004265614087923106,
        "actual_l2": 0.004265614226987319,
        "relative_l2_error": 0.00032198392936543874,
        "cosine_similarity": 0.9999999481631767,
        "allclose": false,
        "bitwise_equal": false
      },
      {
        "name": "sr.RDBs.0.convs.3.conv.0.weight",
        "elements": 147456,
        "reference_sq": 1.4588707331234798e-05,
        "actual_sq": 1.4588701074565748e-05,
        "difference_sq": 1.4029374739330913e-12,
        "dot": 1.4588703501431534e-05,
        "outside_tolerance": 7,
        "bitwise_different": 1106,
        "significant_reference_elements": 147455,
        "sign_flips_on_significant_elements": 0,
        "max_abs_error": 1.0724179446697235e-06,
        "reference_l2": 0.0038195166358107146,
        "actual_l2": 0.00381951581677125,
        "relative_l2_error": 0.0003101064161799688,
        "cosine_similarity": 0.9999999519170178,
        "allclose": false,
        "bitwise_equal": false
      },
      {
        "name": "region_encoder.layer3.1.conv1.weight",
        "elements": 589824,
        "reference_sq": 5.893943380190226e-05,
        "actual_sq": 5.893943227738819e-05,
        "difference_sq": 2.0172978081140196e-12,
        "dot": 5.893943203099631e-05,
        "outside_tolerance": 7,
        "bitwise_different": 1032,
        "significant_reference_elements": 589824,
        "sign_flips_on_significant_elements": 0,
        "max_abs_error": 1.0542571544647217e-06,
        "reference_l2": 0.007677202211867437,
        "actual_l2": 0.007677202112579047,
        "relative_l2_error": 0.00018500438769744826,
        "cosine_similarity": 0.999999982886688,
        "allclose": false,
        "bitwise_equal": false
      }
    ],
    "numerically_close": false,
    "bitwise_equal": false
  },
  "numerical_equivalence_passed": false,
  "bitwise_equal": false,
  "full_vs_full_repeat": {
    "elements": 22970266,
    "reference_sq": 1313.709990033951,
    "actual_sq": 1313.709990033951,
    "difference_sq": 0.0,
    "dot": 1313.7099900339676,
    "outside_tolerance": 0,
    "bitwise_different": 0,
    "significant_reference_elements": 16650535,
    "sign_flips_on_significant_elements": 0,
    "max_abs_error": 0.0,
    "reference_l2": 36.24513746744453,
    "actual_l2": 36.24513746744453,
    "relative_l2_error": 0.0,
    "cosine_similarity": 1.0,
    "allclose": true,
    "bitwise_equal": true
  },
  "full_vs_full_repeat_post_adam": {
    "tolerances": {
      "parameters": {
        "atol": 1e-07,
        "rtol": 1e-05
      },
      "updates": {
        "atol": 1e-07,
        "rtol": 0.0001
      },
      "exp_avg": {
        "atol": 2e-06,
        "rtol": 0.0002
      },
      "exp_avg_sq": {
        "atol": 2e-08,
        "rtol": 0.0004
      }
    },
    "metrics": {
      "parameters": {
        "elements": 22970266,
        "reference_sq": 14899.40114863835,
        "actual_sq": 14899.40114863835,
        "difference_sq": 0.0,
        "dot": 14899.40114863858,
        "outside_tolerance": 0,
        "bitwise_different": 0,
        "significant_reference_elements": 22970111,
        "sign_flips_on_significant_elements": 0,
        "max_abs_error": 0.0,
        "reference_l2": 122.06310314193372,
        "actual_l2": 122.06310314193372,
        "relative_l2_error": 0.0,
        "cosine_similarity": 1.0,
        "allclose": true,
        "bitwise_equal": true
      },
      "updates": {
        "elements": 22970266,
        "reference_sq": 0.0022792282382490133,
        "actual_sq": 0.0022792282382490133,
        "difference_sq": 0.0,
        "dot": 0.0022792282382490116,
        "outside_tolerance": 0,
        "bitwise_different": 0,
        "significant_reference_elements": 22970008,
        "sign_flips_on_significant_elements": 0,
        "max_abs_error": 0.0,
        "reference_l2": 0.047741263475624664,
        "actual_l2": 0.047741263475624664,
        "relative_l2_error": 0.0,
        "cosine_similarity": 0.9999999999999992,
        "allclose": true,
        "bitwise_equal": true
      },
      "exp_avg": {
        "elements": 22970266,
        "reference_sq": 13.137104118033188,
        "actual_sq": 13.137104118033188,
        "difference_sq": 0.0,
        "dot": 13.137104118033312,
        "outside_tolerance": 0,
        "bitwise_different": 0,
        "significant_reference_elements": 16653949,
        "sign_flips_on_significant_elements": 0,
        "max_abs_error": 0.0,
        "reference_l2": 3.6245143285733037,
        "actual_l2": 3.6245143285733037,
        "relative_l2_error": 0.0,
        "cosine_similarity": 1.0,
        "allclose": true,
        "bitwise_equal": true
      },
      "exp_avg_sq": {
        "elements": 22970266,
        "reference_sq": 0.000632472767031801,
        "actual_sq": 0.000632472767031801,
        "difference_sq": 0.0,
        "dot": 0.0006324727670318008,
        "outside_tolerance": 0,
        "bitwise_different": 0,
        "significant_reference_elements": 2930760,
        "sign_flips_on_significant_elements": 0,
        "max_abs_error": 0.0,
        "reference_l2": 0.025149011253562253,
        "actual_l2": 0.025149011253562253,
        "relative_l2_error": 0.0,
        "cosine_similarity": 0.9999999999999998,
        "allclose": true,
        "bitwise_equal": true
      }
    },
    "all_adam_steps_equal_one": true,
    "adam_parameter_count": 227,
    "parameters_without_adam_state": [],
    "worst_updates": [
      {
        "name": "sr.sub_mean.weight",
        "elements": 9,
        "reference_sq": 9.008151603979257e-10,
        "actual_sq": 9.008151603979257e-10,
        "difference_sq": 0.0,
        "dot": 9.008151603979257e-10,
        "outside_tolerance": 0,
        "bitwise_different": 0,
        "significant_reference_elements": 9,
        "sign_flips_on_significant_elements": 0,
        "max_abs_error": 0.0,
        "reference_l2": 3.0013582931698204e-05,
        "actual_l2": 3.0013582931698204e-05,
        "relative_l2_error": 0.0,
        "cosine_similarity": 1.0,
        "allclose": true,
        "bitwise_equal": true
      },
      {
        "name": "sr.sub_mean.bias",
        "elements": 3,
        "reference_sq": 3.00815372611396e-10,
        "actual_sq": 3.00815372611396e-10,
        "difference_sq": 0.0,
        "dot": 3.00815372611396e-10,
        "outside_tolerance": 0,
        "bitwise_different": 0,
        "significant_reference_elements": 3,
        "sign_flips_on_significant_elements": 0,
        "max_abs_error": 0.0,
        "reference_l2": 1.7344029883835995e-05,
        "actual_l2": 1.7344029883835995e-05,
        "relative_l2_error": 0.0,
        "cosine_similarity": 1.0,
        "allclose": true,
        "bitwise_equal": true
      },
      {
        "name": "sr.add_mean.weight",
        "elements": 9,
        "reference_sq": 9.008142509040609e-10,
        "actual_sq": 9.008142509040609e-10,
        "difference_sq": 0.0,
        "dot": 9.008142509040609e-10,
        "outside_tolerance": 0,
        "bitwise_different": 0,
        "significant_reference_elements": 9,
        "sign_flips_on_significant_elements": 0,
        "max_abs_error": 0.0,
        "reference_l2": 3.00135677803233e-05,
        "actual_l2": 3.00135677803233e-05,
        "relative_l2_error": 0.0,
        "cosine_similarity": 1.0,
        "allclose": true,
        "bitwise_equal": true
      },
      {
        "name": "sr.add_mean.bias",
        "elements": 3,
        "reference_sq": 3.00815372611396e-10,
        "actual_sq": 3.00815372611396e-10,
        "difference_sq": 0.0,
        "dot": 3.00815372611396e-10,
        "outside_tolerance": 0,
        "bitwise_different": 0,
        "significant_reference_elements": 3,
        "sign_flips_on_significant_elements": 0,
        "max_abs_error": 0.0,
        "reference_l2": 1.7344029883835995e-05,
        "actual_l2": 1.7344029883835995e-05,
        "relative_l2_error": 0.0,
        "cosine_similarity": 1.0,
        "allclose": true,
        "bitwise_equal": true
      },
      {
        "name": "sr.SFENet1.weight",
        "elements": 1728,
        "reference_sq": 1.7276257911801388e-07,
        "actual_sq": 1.7276257911801388e-07,
        "difference_sq": 0.0,
        "dot": 1.7276257911801388e-07,
        "outside_tolerance": 0,
        "bitwise_different": 0,
        "significant_reference_elements": 1728,
        "sign_flips_on_significant_elements": 0,
        "max_abs_error": 0.0,
        "reference_l2": 0.0004156471810538523,
        "actual_l2": 0.0004156471810538523,
        "relative_l2_error": 0.0,
        "cosine_similarity": 1.0,
        "allclose": true,
        "bitwise_equal": true
      },
      {
        "name": "sr.SFENet1.bias",
        "elements": 64,
        "reference_sq": 6.3984863798386554e-09,
        "actual_sq": 6.3984863798386554e-09,
        "difference_sq": 0.0,
        "dot": 6.3984863798386554e-09,
        "outside_tolerance": 0,
        "bitwise_different": 0,
        "significant_reference_elements": 64,
        "sign_flips_on_significant_elements": 0,
        "max_abs_error": 0.0,
        "reference_l2": 7.999053931458805e-05,
        "actual_l2": 7.999053931458805e-05,
        "relative_l2_error": 0.0,
        "cosine_similarity": 1.0,
        "allclose": true,
        "bitwise_equal": true
      },
      {
        "name": "sr.SFENet2.weight",
        "elements": 36864,
        "reference_sq": 3.6861482568317396e-06,
        "actual_sq": 3.6861482568317396e-06,
        "difference_sq": 0.0,
        "dot": 3.6861482568317396e-06,
        "outside_tolerance": 0,
        "bitwise_different": 0,
        "significant_reference_elements": 36864,
        "sign_flips_on_significant_elements": 0,
        "max_abs_error": 0.0,
        "reference_l2": 0.0019199344407639912,
        "actual_l2": 0.0019199344407639912,
        "relative_l2_error": 0.0,
        "cosine_similarity": 1.0,
        "allclose": true,
        "bitwise_equal": true
      },
      {
        "name": "sr.SFENet2.bias",
        "elements": 64,
        "reference_sq": 6.3995561832946824e-09,
        "actual_sq": 6.3995561832946824e-09,
        "difference_sq": 0.0,
        "dot": 6.3995561832946824e-09,
        "outside_tolerance": 0,
        "bitwise_different": 0,
        "significant_reference_elements": 64,
        "sign_flips_on_significant_elements": 0,
        "max_abs_error": 0.0,
        "reference_l2": 7.999722609750092e-05,
        "actual_l2": 7.999722609750092e-05,
        "relative_l2_error": 0.0,
        "cosine_similarity": 1.0,
        "allclose": true,
        "bitwise_equal": true
      },
      {
        "name": "sr.RDBs.0.convs.0.conv.0.weight",
        "elements": 36864,
        "reference_sq": 3.6772684355634348e-06,
        "actual_sq": 3.6772684355634348e-06,
        "difference_sq": 0.0,
        "dot": 3.6772684355634348e-06,
        "outside_tolerance": 0,
        "bitwise_different": 0,
        "significant_reference_elements": 36864,
        "sign_flips_on_significant_elements": 0,
        "max_abs_error": 0.0,
        "reference_l2": 0.0019176205139608397,
        "actual_l2": 0.0019176205139608397,
        "relative_l2_error": 0.0,
        "cosine_similarity": 1.0,
        "allclose": true,
        "bitwise_equal": true
      },
      {
        "name": "sr.RDBs.0.convs.0.conv.0.bias",
        "elements": 64,
        "reference_sq": 6.398568525785059e-09,
        "actual_sq": 6.398568525785059e-09,
        "difference_sq": 0.0,
        "dot": 6.398568525785059e-09,
        "outside_tolerance": 0,
        "bitwise_different": 0,
        "significant_reference_elements": 64,
        "sign_flips_on_significant_elements": 0,
        "max_abs_error": 0.0,
        "reference_l2": 7.999105278582762e-05,
        "actual_l2": 7.999105278582762e-05,
        "relative_l2_error": 0.0,
        "cosine_similarity": 1.0,
        "allclose": true,
        "bitwise_equal": true
      }
    ],
    "numerically_close": true,
    "bitwise_equal": true
  },
  "parameter_tensors_outside_tolerance": 0,
  "negative_control": {
    "parameter": "sr.sub_mean.weight",
    "self_comparison_exact": true,
    "doubling_gradient_detected": true
  },
  "runs": [
    {
      "mode": "full",
      "max_memory_allocated": 3548190720,
      "max_memory_reserved": 3969908736,
      "elapsed_seconds": 11.483392599999206,
      "tf32": {
        "matmul": false,
        "cudnn": false
      }
    },
    {
      "mode": "micro1",
      "max_memory_allocated": 2346186752,
      "max_memory_reserved": 2919235584,
      "elapsed_seconds": 10.35074750000058,
      "tf32": {
        "matmul": false,
        "cudnn": false
      }
    }
  ],
  "status": "comparison_complete",
  "strict_tolerance_passed": true
}
SAVED reports\d8_n2_equivalence\deterministic\fp32_comparison.json
