{
  "precision": "bf16",
  "data_root": "D:\\ddata",
  "same_initial_state": true,
  "initial_state_sha256": "f60161eef8a0a3d2453e7b93a8f91bb6f7d910f11a9f917d84d3ad48f0b054c4",
  "same_hr_crops": true,
  "hr_crops": [
    {
      "paths": [
        "D:\\ddata\\images_8192\\normal_001_31168_86336.jpg"
      ],
      "box_y_x_h_w": [
        7700,
        6701,
        256,
        256
      ]
    },
    {
      "paths": [
        "D:\\ddata\\images_8192\\normal_001_57152_100032.jpg"
      ],
      "box_y_x_h_w": [
        5804,
        3659,
        256,
        256
      ]
    }
  ],
  "atol": 2e-05,
  "rtol": 0.0002,
  "tolerance_source": "tests/test_engine.py batching gradient comparison",
  "losses": {
    "loss_total": {
      "full": 1.0590014457702637,
      "micro1": 1.05898916721344,
      "abs_error": 1.2278556823730469e-05
    },
    "loss_cls": {
      "full": 0.97265625,
      "micro1": 0.97265625,
      "abs_error": 0.0
    },
    "loss_sr": {
      "full": 0.8634517192840576,
      "micro1": 0.8633290529251099,
      "abs_error": 0.0001226663589477539
    }
  },
  "logits_max_abs_error": 0.0029296875,
  "parameter_tensors_compared": 227,
  "none_in_both": [],
  "all_parameters": {
    "elements": 22970266,
    "reference_sq": 1306.7159918374082,
    "actual_sq": 1255.863131298925,
    "difference_sq": 24.474965177570564,
    "dot": 1269.052078979381,
    "outside_tolerance": 11893308,
    "bitwise_different": 21321652,
    "significant_reference_elements": 16618813,
    "sign_flips_on_significant_elements": 530954,
    "max_abs_error": 0.13134765625,
    "reference_l2": 36.14852682803835,
    "actual_l2": 35.43815925381742,
    "relative_l2_error": 0.13685807851938384,
    "cosine_similarity": 0.9906441662499345,
    "allclose": false,
    "bitwise_equal": false
  },
  "groups": {
    "classifier": {
      "elements": 1026,
      "reference_sq": 438.15744810842443,
      "actual_sq": 438.20447910169605,
      "difference_sq": 0.004449515836313367,
      "dot": 438.1787388471421,
      "outside_tolerance": 430,
      "bitwise_different": 430,
      "significant_reference_elements": 1024,
      "sign_flips_on_significant_elements": 0,
      "max_abs_error": 0.015625,
      "reference_l2": 20.93221077928522,
      "actual_l2": 20.933334161133914,
      "relative_l2_error": 0.0031867007247830554,
      "cosine_similarity": 0.9999949241817588,
      "allclose": false,
      "bitwise_equal": false
    },
    "mil_head": {
      "elements": 131456,
      "reference_sq": 0.00046882011827301557,
      "actual_sq": 0.0004563046556485176,
      "difference_sq": 3.1737361808078697e-06,
      "dot": 0.0004609755188703626,
      "outside_tolerance": 1167,
      "bitwise_different": 127453,
      "significant_reference_elements": 48955,
      "sign_flips_on_significant_elements": 23,
      "max_abs_error": 0.0001983642578125,
      "reference_l2": 0.021652254346211056,
      "actual_l2": 0.02136128871694116,
      "relative_l2_error": 0.08227772813490553,
      "cosine_similarity": 0.9966606040751825,
      "allclose": false,
      "bitwise_equal": false
    },
    "pos2weight": {
      "elements": 445120,
      "reference_sq": 2.1019685407254673,
      "actual_sq": 2.1017411784818085,
      "difference_sq": 9.559310891922215e-06,
      "dot": 2.101850079948192,
      "outside_tolerance": 4191,
      "bitwise_different": 232949,
      "significant_reference_elements": 280211,
      "sign_flips_on_significant_elements": 0,
      "max_abs_error": 0.0001220703125,
      "reference_l2": 1.4498167265987336,
      "actual_l2": 1.4497383137938407,
      "relative_l2_error": 0.002132554736937771,
      "cosine_similarity": 0.9999977274448103,
      "allclose": false,
      "bitwise_equal": false
    },
    "rdn": {
      "elements": 11024856,
      "reference_sq": 13.483040164342825,
      "actual_sq": 10.877259508975136,
      "difference_sq": 1.0350333839527464,
      "dot": 11.662633144682607,
      "outside_tolerance": 4126761,
      "bitwise_different": 10110028,
      "significant_reference_elements": 5751161,
      "sign_flips_on_significant_elements": 338652,
      "max_abs_error": 0.0660400390625,
      "reference_l2": 3.6719259475570616,
      "actual_l2": 3.298069057641931,
      "relative_l2_error": 0.2770660190821659,
      "cosine_similarity": 0.9630369614549359,
      "allclose": false,
      "bitwise_equal": false
    },
    "region_encoder": {
      "elements": 11367808,
      "reference_sq": 852.9730662037969,
      "actual_sq": 804.6791952051162,
      "difference_sq": 23.435469544734435,
      "dot": 817.108395932089,
      "outside_tolerance": 7760759,
      "bitwise_different": 10850792,
      "significant_reference_elements": 10537462,
      "sign_flips_on_significant_elements": 192279,
      "max_abs_error": 0.13134765625,
      "reference_l2": 29.205702631571747,
      "actual_l2": 28.366867913203183,
      "relative_l2_error": 0.1657559667291123,
      "cosine_similarity": 0.9862809108159208,
      "allclose": false,
      "bitwise_equal": false
    }
  },
  "forward_tolerance": {
    "atol": 3e-06,
    "rtol": 3e-05
  },
  "forward_close": false,
  "post_adam": {
    "tolerances": {
      "parameters": {
        "atol": 1e-07,
        "rtol": 1e-05
      },
      "updates": {
        "atol": 1e-07,
        "rtol": 0.0001
      },
      "exp_avg": {
        "atol": 2e-06,
        "rtol": 0.0002
      },
      "exp_avg_sq": {
        "atol": 2e-08,
        "rtol": 0.0004
      }
    },
    "metrics": {
      "parameters": {
        "elements": 22970266,
        "reference_sq": 14899.399993968045,
        "actual_sq": 14899.40108022003,
        "difference_sq": 0.00046555478821421663,
        "dot": 14899.400304316843,
        "outside_tolerance": 1478544,
        "bitwise_different": 8193103,
        "significant_reference_elements": 22970104,
        "sign_flips_on_significant_elements": 784,
        "max_abs_error": 2.002716064453125e-05,
        "reference_l2": 122.06309841212472,
        "actual_l2": 122.06310286167573,
        "relative_l2_error": 0.00017676692581599756,
        "cosine_similarity": 0.9999999843767415,
        "allclose": false,
        "bitwise_equal": false
      },
      "updates": {
        "elements": 22970266,
        "reference_sq": 0.0022792019818792977,
        "actual_sq": 0.002279195005354352,
        "difference_sq": 0.00046555478821421663,
        "dot": 0.0020464210995097152,
        "outside_tolerance": 1604596,
        "bitwise_different": 8193103,
        "significant_reference_elements": 22970029,
        "sign_flips_on_significant_elements": 1193213,
        "max_abs_error": 2.002716064453125e-05,
        "reference_l2": 0.047740988488711646,
        "actual_l2": 0.0477409154222492,
        "relative_l2_error": 0.4519537476059733,
        "cosine_similarity": 0.8978687487041455,
        "allclose": false,
        "bitwise_equal": false
      },
      "exp_avg": {
        "elements": 22970266,
        "reference_sq": 13.067164011302477,
        "actual_sq": 12.558635317735872,
        "difference_sq": 0.24474966020075423,
        "dot": 12.690524834418799,
        "outside_tolerance": 11893293,
        "bitwise_different": 21321652,
        "significant_reference_elements": 16619414,
        "sign_flips_on_significant_elements": 533260,
        "max_abs_error": 0.013134765438735485,
        "reference_l2": 3.6148532489303737,
        "actual_l2": 3.5438164904148004,
        "relative_l2_error": 0.13685805944141585,
        "cosine_similarity": 0.9906441688841023,
        "allclose": false,
        "bitwise_equal": false
      },
      "exp_avg_sq": {
        "elements": 22970266,
        "reference_sq": 0.0006266271188807686,
        "actual_sq": 0.0006253109652883216,
        "difference_sq": 7.585239753509563e-07,
        "dot": 0.0006255897800968696,
        "outside_tolerance": 496685,
        "bitwise_different": 21321652,
        "significant_reference_elements": 2931249,
        "sign_flips_on_significant_elements": 0,
        "max_abs_error": 5.785571556771174e-05,
        "reference_l2": 0.025032521225013843,
        "actual_l2": 0.02500621853236354,
        "relative_l2_error": 0.03479205355511298,
        "cosine_similarity": 0.9993946724905345,
        "allclose": false,
        "bitwise_equal": false
      }
    },
    "all_adam_steps_equal_one": true,
    "adam_parameter_count": 227,
    "parameters_without_adam_state": [],
    "worst_updates": [
      {
        "name": "region_encoder.bn1.weight",
        "elements": 64,
        "reference_sq": 6.4162044566273835e-09,
        "actual_sq": 6.417394615709782e-09,
        "difference_sq": 2.8076136970867083e-09,
        "dot": 5.0129926876252284e-09,
        "outside_tolerance": 7,
        "bitwise_different": 8,
        "significant_reference_elements": 64,
        "sign_flips_on_significant_elements": 7,
        "max_abs_error": 2.002716064453125e-05,
        "reference_l2": 8.010121382742825e-05,
        "actual_l2": 8.0108642578125e-05,
        "relative_l2_error": 0.6614995893917013,
        "cosine_similarity": 0.781229440147828,
        "allclose": false,
        "bitwise_equal": false
      },
      {
        "name": "region_encoder.layer1.0.bn1.weight",
        "elements": 64,
        "reference_sq": 6.417394615709782e-09,
        "actual_sq": 6.417394615709782e-09,
        "difference_sq": 2.0054358174093068e-09,
        "dot": 5.414676707005128e-09,
        "outside_tolerance": 5,
        "bitwise_different": 5,
        "significant_reference_elements": 64,
        "sign_flips_on_significant_elements": 5,
        "max_abs_error": 2.002716064453125e-05,
        "reference_l2": 8.0108642578125e-05,
        "actual_l2": 8.0108642578125e-05,
        "relative_l2_error": 0.5590169943749475,
        "cosine_similarity": 0.84375,
        "allclose": false,
        "bitwise_equal": false
      },
      {
        "name": "region_encoder.layer1.0.bn2.weight",
        "elements": 64,
        "reference_sq": 6.417394615709782e-09,
        "actual_sq": 6.417394615709782e-09,
        "difference_sq": 1.203261490445584e-09,
        "dot": 5.81576387048699e-09,
        "outside_tolerance": 3,
        "bitwise_different": 3,
        "significant_reference_elements": 64,
        "sign_flips_on_significant_elements": 3,
        "max_abs_error": 2.002716064453125e-05,
        "reference_l2": 8.0108642578125e-05,
        "actual_l2": 8.0108642578125e-05,
        "relative_l2_error": 0.43301270189221935,
        "cosine_similarity": 0.90625,
        "allclose": false,
        "bitwise_equal": false
      },
      {
        "name": "region_encoder.layer1.1.bn1.weight",
        "elements": 64,
        "reference_sq": 6.417394615709782e-09,
        "actual_sq": 6.4162044566273835e-09,
        "difference_sq": 1.2032650431592629e-09,
        "dot": 5.815167014588951e-09,
        "outside_tolerance": 3,
        "bitwise_different": 4,
        "significant_reference_elements": 64,
        "sign_flips_on_significant_elements": 3,
        "max_abs_error": 2.002716064453125e-05,
        "reference_l2": 8.0108642578125e-05,
        "actual_l2": 8.010121382742825e-05,
        "relative_l2_error": 0.43301334114188605,
        "cosine_similarity": 0.9062410329039514,
        "allclose": false,
        "bitwise_equal": false
      },
      {
        "name": "region_encoder.layer1.1.bn2.weight",
        "elements": 64,
        "reference_sq": 6.417394615709782e-09,
        "actual_sq": 6.417394615709782e-09,
        "difference_sq": 3.609784471336752e-09,
        "dot": 4.6125023800414056e-09,
        "outside_tolerance": 9,
        "bitwise_different": 9,
        "significant_reference_elements": 64,
        "sign_flips_on_significant_elements": 9,
        "max_abs_error": 2.002716064453125e-05,
        "reference_l2": 8.0108642578125e-05,
        "actual_l2": 8.0108642578125e-05,
        "relative_l2_error": 0.75,
        "cosine_similarity": 0.71875,
        "allclose": false,
        "bitwise_equal": false
      },
      {
        "name": "region_encoder.layer2.0.bn1.weight",
        "elements": 128,
        "reference_sq": 1.2834789231419563e-08,
        "actual_sq": 1.2834789231419563e-08,
        "difference_sq": 2.8076101443730295e-09,
        "dot": 1.1430984159233049e-08,
        "outside_tolerance": 7,
        "bitwise_different": 7,
        "significant_reference_elements": 128,
        "sign_flips_on_significant_elements": 7,
        "max_abs_error": 2.002716064453125e-05,
        "reference_l2": 0.00011329072879728315,
        "actual_l2": 0.00011329072879728315,
        "relative_l2_error": 0.4677071733467427,
        "cosine_similarity": 0.890625,
        "allclose": false,
        "bitwise_equal": false
      },
      {
        "name": "region_encoder.layer2.0.bn2.weight",
        "elements": 128,
        "reference_sq": 1.2834789231419563e-08,
        "actual_sq": 1.2834789231419563e-08,
        "difference_sq": 3.208697307854891e-09,
        "dot": 1.1230440577492118e-08,
        "outside_tolerance": 8,
        "bitwise_different": 8,
        "significant_reference_elements": 128,
        "sign_flips_on_significant_elements": 8,
        "max_abs_error": 2.002716064453125e-05,
        "reference_l2": 0.00011329072879728315,
        "actual_l2": 0.00011329072879728315,
        "relative_l2_error": 0.5,
        "cosine_similarity": 0.875,
        "allclose": false,
        "bitwise_equal": false
      },
      {
        "name": "region_encoder.layer2.0.downsample.0.weight",
        "elements": 8192,
        "reference_sq": 8.191017487558368e-07,
        "actual_sq": 8.191047644019902e-07,
        "difference_sq": 2.1029543204134598e-07,
        "dot": 7.139555405582405e-07,
        "outside_tolerance": 528,
        "bitwise_different": 689,
        "significant_reference_elements": 8192,
        "sign_flips_on_significant_elements": 526,
        "max_abs_error": 2.002716064453125e-05,
        "reference_l2": 0.00090504240163422,
        "actual_l2": 0.0009050440676574761,
        "relative_l2_error": 0.5066942699718316,
        "cosine_similarity": 0.8716306946957751,
        "allclose": false,
        "bitwise_equal": false
      },
      {
        "name": "region_encoder.layer2.0.downsample.1.weight",
        "elements": 128,
        "reference_sq": 1.2834789231419563e-08,
        "actual_sq": 1.2834789231419563e-08,
        "difference_sq": 5.214133125264198e-09,
        "dot": 1.0227722668787464e-08,
        "outside_tolerance": 13,
        "bitwise_different": 13,
        "significant_reference_elements": 128,
        "sign_flips_on_significant_elements": 13,
        "max_abs_error": 2.002716064453125e-05,
        "reference_l2": 0.00011329072879728315,
        "actual_l2": 0.00011329072879728315,
        "relative_l2_error": 0.6373774391990982,
        "cosine_similarity": 0.796875,
        "allclose": false,
        "bitwise_equal": false
      },
      {
        "name": "region_encoder.layer2.1.bn1.weight",
        "elements": 128,
        "reference_sq": 1.2834789231419563e-08,
        "actual_sq": 1.2833599072337165e-08,
        "difference_sq": 3.609788024050431e-09,
        "dot": 1.1029300139853149e-08,
        "outside_tolerance": 9,
        "bitwise_different": 10,
        "significant_reference_elements": 128,
        "sign_flips_on_significant_elements": 9,
        "max_abs_error": 2.002716064453125e-05,
        "reference_l2": 0.00011329072879728315,
        "actual_l2": 0.00011328547599907574,
        "relative_l2_error": 0.5303303468626227,
        "cosine_similarity": 0.8593683421950369,
        "allclose": false,
        "bitwise_equal": false
      }
    ],
    "numerically_close": false,
    "bitwise_equal": false
  },
  "numerical_equivalence_passed": false,
  "bitwise_equal": false,
  "full_vs_full_repeat": {
    "elements": 22970266,
    "reference_sq": 1306.7159918374082,
    "actual_sq": 1306.7159918374082,
    "difference_sq": 0.0,
    "dot": 1306.7159918374055,
    "outside_tolerance": 0,
    "bitwise_different": 0,
    "significant_reference_elements": 16618813,
    "sign_flips_on_significant_elements": 0,
    "max_abs_error": 0.0,
    "reference_l2": 36.14852682803835,
    "actual_l2": 36.14852682803835,
    "relative_l2_error": 0.0,
    "cosine_similarity": 0.9999999999999979,
    "allclose": true,
    "bitwise_equal": true
  },
  "full_vs_full_repeat_post_adam": {
    "tolerances": {
      "parameters": {
        "atol": 1e-07,
        "rtol": 1e-05
      },
      "updates": {
        "atol": 1e-07,
        "rtol": 0.0001
      },
      "exp_avg": {
        "atol": 2e-06,
        "rtol": 0.0002
      },
      "exp_avg_sq": {
        "atol": 2e-08,
        "rtol": 0.0004
      }
    },
    "metrics": {
      "parameters": {
        "elements": 22970266,
        "reference_sq": 14899.399993968045,
        "actual_sq": 14899.399993968045,
        "difference_sq": 0.0,
        "dot": 14899.399993968276,
        "outside_tolerance": 0,
        "bitwise_different": 0,
        "significant_reference_elements": 22970104,
        "sign_flips_on_significant_elements": 0,
        "max_abs_error": 0.0,
        "reference_l2": 122.06309841212472,
        "actual_l2": 122.06309841212472,
        "relative_l2_error": 0.0,
        "cosine_similarity": 1.0,
        "allclose": true,
        "bitwise_equal": true
      },
      "updates": {
        "elements": 22970266,
        "reference_sq": 0.0022792019818792977,
        "actual_sq": 0.0022792019818792977,
        "difference_sq": 0.0,
        "dot": 0.0022792019818792955,
        "outside_tolerance": 0,
        "bitwise_different": 0,
        "significant_reference_elements": 22970029,
        "sign_flips_on_significant_elements": 0,
        "max_abs_error": 0.0,
        "reference_l2": 0.047740988488711646,
        "actual_l2": 0.047740988488711646,
        "relative_l2_error": 0.0,
        "cosine_similarity": 0.999999999999999,
        "allclose": true,
        "bitwise_equal": true
      },
      "exp_avg": {
        "elements": 22970266,
        "reference_sq": 13.067164011302477,
        "actual_sq": 13.067164011302477,
        "difference_sq": 0.0,
        "dot": 13.067164011302607,
        "outside_tolerance": 0,
        "bitwise_different": 0,
        "significant_reference_elements": 16619414,
        "sign_flips_on_significant_elements": 0,
        "max_abs_error": 0.0,
        "reference_l2": 3.6148532489303737,
        "actual_l2": 3.6148532489303737,
        "relative_l2_error": 0.0,
        "cosine_similarity": 1.0,
        "allclose": true,
        "bitwise_equal": true
      },
      "exp_avg_sq": {
        "elements": 22970266,
        "reference_sq": 0.0006266271188807686,
        "actual_sq": 0.0006266271188807686,
        "difference_sq": 0.0,
        "dot": 0.0006266271188807686,
        "outside_tolerance": 0,
        "bitwise_different": 0,
        "significant_reference_elements": 2931249,
        "sign_flips_on_significant_elements": 0,
        "max_abs_error": 0.0,
        "reference_l2": 0.025032521225013843,
        "actual_l2": 0.025032521225013843,
        "relative_l2_error": 0.0,
        "cosine_similarity": 1.0,
        "allclose": true,
        "bitwise_equal": true
      }
    },
    "all_adam_steps_equal_one": true,
    "adam_parameter_count": 227,
    "parameters_without_adam_state": [],
    "worst_updates": [
      {
        "name": "sr.sub_mean.weight",
        "elements": 9,
        "reference_sq": 9.008150694484851e-10,
        "actual_sq": 9.008150694484851e-10,
        "difference_sq": 0.0,
        "dot": 9.008150694484851e-10,
        "outside_tolerance": 0,
        "bitwise_different": 0,
        "significant_reference_elements": 9,
        "sign_flips_on_significant_elements": 0,
        "max_abs_error": 0.0,
        "reference_l2": 3.0013581416560156e-05,
        "actual_l2": 3.0013581416560156e-05,
        "relative_l2_error": 0.0,
        "cosine_similarity": 1.0,
        "allclose": true,
        "bitwise_equal": true
      },
      {
        "name": "sr.sub_mean.bias",
        "elements": 3,
        "reference_sq": 3.00815372611396e-10,
        "actual_sq": 3.00815372611396e-10,
        "difference_sq": 0.0,
        "dot": 3.00815372611396e-10,
        "outside_tolerance": 0,
        "bitwise_different": 0,
        "significant_reference_elements": 3,
        "sign_flips_on_significant_elements": 0,
        "max_abs_error": 0.0,
        "reference_l2": 1.7344029883835995e-05,
        "actual_l2": 1.7344029883835995e-05,
        "relative_l2_error": 0.0,
        "cosine_similarity": 1.0,
        "allclose": true,
        "bitwise_equal": true
      },
      {
        "name": "sr.add_mean.weight",
        "elements": 9,
        "reference_sq": 9.008142327141483e-10,
        "actual_sq": 9.008142327141483e-10,
        "difference_sq": 0.0,
        "dot": 9.008142327141483e-10,
        "outside_tolerance": 0,
        "bitwise_different": 0,
        "significant_reference_elements": 9,
        "sign_flips_on_significant_elements": 0,
        "max_abs_error": 0.0,
        "reference_l2": 3.0013567477295134e-05,
        "actual_l2": 3.0013567477295134e-05,
        "relative_l2_error": 0.0,
        "cosine_similarity": 1.0,
        "allclose": true,
        "bitwise_equal": true
      },
      {
        "name": "sr.add_mean.bias",
        "elements": 3,
        "reference_sq": 3.00815372611396e-10,
        "actual_sq": 3.00815372611396e-10,
        "difference_sq": 0.0,
        "dot": 3.00815372611396e-10,
        "outside_tolerance": 0,
        "bitwise_different": 0,
        "significant_reference_elements": 3,
        "sign_flips_on_significant_elements": 0,
        "max_abs_error": 0.0,
        "reference_l2": 1.7344029883835995e-05,
        "actual_l2": 1.7344029883835995e-05,
        "relative_l2_error": 0.0,
        "cosine_similarity": 1.0,
        "allclose": true,
        "bitwise_equal": true
      },
      {
        "name": "sr.SFENet1.weight",
        "elements": 1728,
        "reference_sq": 1.7276249763034082e-07,
        "actual_sq": 1.7276249763034082e-07,
        "difference_sq": 0.0,
        "dot": 1.7276249763034082e-07,
        "outside_tolerance": 0,
        "bitwise_different": 0,
        "significant_reference_elements": 1728,
        "sign_flips_on_significant_elements": 0,
        "max_abs_error": 0.0,
        "reference_l2": 0.00041564708302878876,
        "actual_l2": 0.00041564708302878876,
        "relative_l2_error": 0.0,
        "cosine_similarity": 1.0,
        "allclose": true,
        "bitwise_equal": true
      },
      {
        "name": "sr.SFENet1.bias",
        "elements": 64,
        "reference_sq": 6.3984863798386554e-09,
        "actual_sq": 6.3984863798386554e-09,
        "difference_sq": 0.0,
        "dot": 6.3984863798386554e-09,
        "outside_tolerance": 0,
        "bitwise_different": 0,
        "significant_reference_elements": 64,
        "sign_flips_on_significant_elements": 0,
        "max_abs_error": 0.0,
        "reference_l2": 7.999053931458805e-05,
        "actual_l2": 7.999053931458805e-05,
        "relative_l2_error": 0.0,
        "cosine_similarity": 1.0,
        "allclose": true,
        "bitwise_equal": true
      },
      {
        "name": "sr.SFENet2.weight",
        "elements": 36864,
        "reference_sq": 3.686192698479706e-06,
        "actual_sq": 3.686192698479706e-06,
        "difference_sq": 0.0,
        "dot": 3.6861926984797065e-06,
        "outside_tolerance": 0,
        "bitwise_different": 0,
        "significant_reference_elements": 36864,
        "sign_flips_on_significant_elements": 0,
        "max_abs_error": 0.0,
        "reference_l2": 0.001919946014470122,
        "actual_l2": 0.001919946014470122,
        "relative_l2_error": 0.0,
        "cosine_similarity": 1.0,
        "allclose": true,
        "bitwise_equal": true
      },
      {
        "name": "sr.SFENet2.bias",
        "elements": 64,
        "reference_sq": 6.399557347426272e-09,
        "actual_sq": 6.399557347426272e-09,
        "difference_sq": 0.0,
        "dot": 6.399557347426272e-09,
        "outside_tolerance": 0,
        "bitwise_different": 0,
        "significant_reference_elements": 64,
        "sign_flips_on_significant_elements": 0,
        "max_abs_error": 0.0,
        "reference_l2": 7.999723337357532e-05,
        "actual_l2": 7.999723337357532e-05,
        "relative_l2_error": 0.0,
        "cosine_similarity": 1.0,
        "allclose": true,
        "bitwise_equal": true
      },
      {
        "name": "sr.RDBs.0.convs.0.conv.0.weight",
        "elements": 36864,
        "reference_sq": 3.676147684400725e-06,
        "actual_sq": 3.676147684400725e-06,
        "difference_sq": 0.0,
        "dot": 3.676147684400725e-06,
        "outside_tolerance": 0,
        "bitwise_different": 0,
        "significant_reference_elements": 36864,
        "sign_flips_on_significant_elements": 0,
        "max_abs_error": 0.0,
        "reference_l2": 0.0019173282672512615,
        "actual_l2": 0.0019173282672512615,
        "relative_l2_error": 0.0,
        "cosine_similarity": 1.0,
        "allclose": true,
        "bitwise_equal": true
      },
      {
        "name": "sr.RDBs.0.convs.0.conv.0.bias",
        "elements": 64,
        "reference_sq": 6.398713023371698e-09,
        "actual_sq": 6.398713023371698e-09,
        "difference_sq": 0.0,
        "dot": 6.398713023371698e-09,
        "outside_tolerance": 0,
        "bitwise_different": 0,
        "significant_reference_elements": 64,
        "sign_flips_on_significant_elements": 0,
        "max_abs_error": 0.0,
        "reference_l2": 7.999195599166017e-05,
        "actual_l2": 7.999195599166017e-05,
        "relative_l2_error": 0.0,
        "cosine_similarity": 1.0,
        "allclose": true,
        "bitwise_equal": true
      }
    ],
    "numerically_close": true,
    "bitwise_equal": true
  },
  "parameter_tensors_outside_tolerance": 225,
  "negative_control": {
    "parameter": "sr.sub_mean.weight",
    "self_comparison_exact": true,
    "doubling_gradient_detected": true
  },
  "runs": [
    {
      "mode": "full",
      "max_memory_allocated": 1640876032,
      "max_memory_reserved": 1954545664,
      "elapsed_seconds": 6.145243400002073,
      "tf32": {
        "matmul": false,
        "cudnn": true
      }
    },
    {
      "mode": "micro1",
      "max_memory_allocated": 1185853440,
      "max_memory_reserved": 1432354816,
      "elapsed_seconds": 5.8655669999971,
      "tf32": {
        "matmul": false,
        "cudnn": true
      }
    }
  ],
  "status": "comparison_complete",
  "strict_tolerance_passed": false
}
SAVED reports\d8_n2_equivalence\bf16_comparison.json
