{
  "precision": "fp32",
  "data_root": "D:\\ddata",
  "same_initial_state": true,
  "initial_state_sha256": "f60161eef8a0a3d2453e7b93a8f91bb6f7d910f11a9f917d84d3ad48f0b054c4",
  "same_hr_crops": true,
  "hr_crops": [
    {
      "paths": [
        "D:\\ddata\\images_8192\\normal_001_31168_86336.jpg"
      ],
      "box_y_x_h_w": [
        7700,
        6701,
        256,
        256
      ]
    },
    {
      "paths": [
        "D:\\ddata\\images_8192\\normal_001_57152_100032.jpg"
      ],
      "box_y_x_h_w": [
        5804,
        3659,
        256,
        256
      ]
    }
  ],
  "atol": 2e-05,
  "rtol": 0.0002,
  "tolerance_source": "tests/test_engine.py batching gradient comparison",
  "losses": {
    "loss_total": {
      "full": 1.0598981380462646,
      "micro1": 1.0598981380462646,
      "abs_error": 0.0
    },
    "loss_cls": {
      "full": 0.9736133217811584,
      "micro1": 0.9736133217811584,
      "abs_error": 0.0
    },
    "loss_sr": {
      "full": 0.8628484010696411,
      "micro1": 0.8628484010696411,
      "abs_error": 0.0
    }
  },
  "logits_max_abs_error": 0.0,
  "parameter_tensors_compared": 227,
  "none_in_both": [],
  "all_parameters": {
    "elements": 22970266,
    "reference_sq": 1313.710175846069,
    "actual_sq": 1313.7101034426348,
    "difference_sq": 5.591549939488034e-10,
    "dot": 1313.7101396440762,
    "outside_tolerance": 0,
    "bitwise_different": 19940283,
    "significant_reference_elements": 16650529,
    "sign_flips_on_significant_elements": 0,
    "max_abs_error": 6.109476089477539e-07,
    "reference_l2": 36.24514003071403,
    "actual_l2": 36.24513903191205,
    "relative_l2_error": 6.524035597774765e-07,
    "cosine_similarity": 0.9999999999997906,
    "allclose": true,
    "bitwise_equal": false
  },
  "groups": {
    "classifier": {
      "elements": 1026,
      "reference_sq": 439.8658945547784,
      "actual_sq": 439.8658945547784,
      "difference_sq": 0.0,
      "dot": 439.8658945547783,
      "outside_tolerance": 0,
      "bitwise_different": 0,
      "significant_reference_elements": 1024,
      "sign_flips_on_significant_elements": 0,
      "max_abs_error": 0.0,
      "reference_l2": 20.972980106670068,
      "actual_l2": 20.972980106670068,
      "relative_l2_error": 0.0,
      "cosine_similarity": 0.9999999999999999,
      "allclose": true,
      "bitwise_equal": true
    },
    "mil_head": {
      "elements": 131456,
      "reference_sq": 0.0004417362864253166,
      "actual_sq": 0.0004417362864253166,
      "difference_sq": 0.0,
      "dot": 0.00044173628642531714,
      "outside_tolerance": 0,
      "bitwise_different": 0,
      "significant_reference_elements": 47977,
      "sign_flips_on_significant_elements": 0,
      "max_abs_error": 0.0,
      "reference_l2": 0.021017523318062874,
      "actual_l2": 0.021017523318062874,
      "relative_l2_error": 0.0,
      "cosine_similarity": 1.0,
      "allclose": true,
      "bitwise_equal": true
    },
    "pos2weight": {
      "elements": 445120,
      "reference_sq": 2.08395083280502,
      "actual_sq": 2.08395083280502,
      "difference_sq": 0.0,
      "dot": 2.0839508328050274,
      "outside_tolerance": 0,
      "bitwise_different": 0,
      "significant_reference_elements": 279836,
      "sign_flips_on_significant_elements": 0,
      "max_abs_error": 0.0,
      "reference_l2": 1.4435895652175585,
      "actual_l2": 1.4435895652175585,
      "relative_l2_error": 0.0,
      "cosine_similarity": 1.0,
      "allclose": true,
      "bitwise_equal": true
    },
    "rdn": {
      "elements": 11024856,
      "reference_sq": 13.163651173689608,
      "actual_sq": 13.163648952467156,
      "difference_sq": 5.4034469437763485e-11,
      "dot": 13.163650063051366,
      "outside_tolerance": 0,
      "bitwise_different": 10306316,
      "significant_reference_elements": 5782165,
      "sign_flips_on_significant_elements": 0,
      "max_abs_error": 6.109476089477539e-07,
      "reference_l2": 3.628174633846834,
      "actual_l2": 3.6281743277393876,
      "relative_l2_error": 2.0260364905798662e-06,
      "cosine_similarity": 0.9999999999979512,
      "allclose": true,
      "bitwise_equal": false
    },
    "region_encoder": {
      "elements": 11367808,
      "reference_sq": 858.5962375485095,
      "actual_sq": 858.5961673662978,
      "difference_sq": 5.051205245110398e-10,
      "dot": 858.5962024571551,
      "outside_tolerance": 0,
      "bitwise_different": 9633967,
      "significant_reference_elements": 10539527,
      "sign_flips_on_significant_elements": 0,
      "max_abs_error": 5.736947059631348e-07,
      "reference_l2": 29.301812871365307,
      "actual_l2": 29.301811673790713,
      "relative_l2_error": 7.670135164708377e-07,
      "cosine_similarity": 0.9999999999997113,
      "allclose": true,
      "bitwise_equal": false
    }
  },
  "forward_tolerance": {
    "atol": 3e-06,
    "rtol": 3e-05
  },
  "forward_close": true,
  "post_adam": {
    "tolerances": {
      "parameters": {
        "atol": 1e-07,
        "rtol": 1e-05
      },
      "updates": {
        "atol": 1e-07,
        "rtol": 0.0001
      },
      "exp_avg": {
        "atol": 2e-06,
        "rtol": 0.0002
      },
      "exp_avg_sq": {
        "atol": 2e-08,
        "rtol": 0.0004
      }
    },
    "metrics": {
      "parameters": {
        "elements": 22970266,
        "reference_sq": 14899.401147978879,
        "actual_sq": 14899.401148616118,
        "difference_sq": 7.345854671150557e-11,
        "dot": 14899.401148297693,
        "outside_tolerance": 199,
        "bitwise_different": 126423,
        "significant_reference_elements": 22970111,
        "sign_flips_on_significant_elements": 0,
        "max_abs_error": 3.943685442209244e-06,
        "reference_l2": 122.06310313923237,
        "actual_l2": 122.06310314184266,
        "relative_l2_error": 7.021610899169007e-08,
        "cosine_similarity": 1.0,
        "allclose": false,
        "bitwise_equal": false
      },
      "updates": {
        "elements": 22970266,
        "reference_sq": 0.0022792281419232304,
        "actual_sq": 0.002279228174659361,
        "difference_sq": 7.345854671150557e-11,
        "dot": 0.0022792281215620208,
        "outside_tolerance": 373,
        "bitwise_different": 126423,
        "significant_reference_elements": 22970010,
        "sign_flips_on_significant_elements": 3,
        "max_abs_error": 3.943685442209244e-06,
        "reference_l2": 0.04774126246679313,
        "actual_l2": 0.047741262809642575,
        "relative_l2_error": 0.00017952596372686503,
        "cosine_similarity": 0.9999999838852136,
        "allclose": false,
        "bitwise_equal": false
      },
      "exp_avg": {
        "elements": 22970266,
        "reference_sq": 13.137105973758098,
        "actual_sq": 13.137105249989446,
        "difference_sq": 5.600037471568657e-12,
        "dot": 13.137105611871023,
        "outside_tolerance": 0,
        "bitwise_different": 19334240,
        "significant_reference_elements": 16653952,
        "sign_flips_on_significant_elements": 0,
        "max_abs_error": 5.960464477539063e-08,
        "reference_l2": 3.6245145845696496,
        "actual_l2": 3.6245144847261193,
        "relative_l2_error": 6.528984158637335e-07,
        "cosine_similarity": 0.9999999999997911,
        "allclose": true,
        "bitwise_equal": false
      },
      "exp_avg_sq": {
        "elements": 22970266,
        "reference_sq": 0.0006324727759158808,
        "actual_sq": 0.0006324727782325535,
        "difference_sq": 1.0588586217625746e-17,
        "dot": 0.0006324727770742119,
        "outside_tolerance": 0,
        "bitwise_different": 19651956,
        "significant_reference_elements": 2930760,
        "sign_flips_on_significant_elements": 0,
        "max_abs_error": 4.511093720793724e-10,
        "reference_l2": 0.025149011430191066,
        "actual_l2": 0.025149011476249986,
        "relative_l2_error": 1.293892127110836e-07,
        "cosine_similarity": 0.9999999999999916,
        "allclose": true,
        "bitwise_equal": false
      }
    },
    "all_adam_steps_equal_one": true,
    "adam_parameter_count": 227,
    "parameters_without_adam_state": [],
    "worst_updates": [
      {
        "name": "sr.RDBs.3.convs.2.conv.0.weight",
        "elements": 110592,
        "reference_sq": 1.0928608041934081e-05,
        "actual_sq": 1.0928623316829833e-05,
        "difference_sq": 1.574220487249573e-11,
        "dot": 1.0928607808279521e-05,
        "outside_tolerance": 4,
        "bitwise_different": 824,
        "significant_reference_elements": 110592,
        "sign_flips_on_significant_elements": 0,
        "max_abs_error": 3.943685442209244e-06,
        "reference_l2": 0.003305844527792268,
        "actual_l2": 0.0033058468380779277,
        "relative_l2_error": 0.0012001909702471212,
        "cosine_similarity": 0.999999279771565,
        "allclose": false,
        "bitwise_equal": false
      },
      {
        "name": "region_encoder.layer1.0.conv1.weight",
        "elements": 36864,
        "reference_sq": 3.684117738253277e-06,
        "actual_sq": 3.6841349881670534e-06,
        "difference_sq": 3.929030956176487e-12,
        "dot": 3.684124398694687e-06,
        "outside_tolerance": 1,
        "bitwise_different": 28,
        "significant_reference_elements": 36864,
        "sign_flips_on_significant_elements": 0,
        "max_abs_error": 1.9818544387817383e-06,
        "reference_l2": 0.0019194055689856892,
        "actual_l2": 0.0019194100625366777,
        "relative_l2_error": 0.0010327042747748857,
        "cosine_similarity": 0.9999994667649292,
        "allclose": false,
        "bitwise_equal": false
      },
      {
        "name": "region_encoder.layer3.0.conv1.weight",
        "elements": 294912,
        "reference_sq": 2.9486240952810356e-05,
        "actual_sq": 2.9486238389078282e-05,
        "difference_sq": 3.71887597729018e-12,
        "dot": 2.948623781150633e-05,
        "outside_tolerance": 1,
        "bitwise_different": 463,
        "significant_reference_elements": 294912,
        "sign_flips_on_significant_elements": 1,
        "max_abs_error": 1.9203871488571167e-06,
        "reference_l2": 0.00543012347491384,
        "actual_l2": 0.005430123238848109,
        "relative_l2_error": 0.0003551371805410177,
        "cosine_similarity": 0.9999999369387896,
        "allclose": false,
        "bitwise_equal": false
      },
      {
        "name": "sr.GFF.0.weight",
        "elements": 32768,
        "reference_sq": 3.276517245139988e-06,
        "actual_sq": 3.276495971573722e-06,
        "difference_sq": 3.3184742585918904e-12,
        "dot": 3.2765049491197255e-06,
        "outside_tolerance": 1,
        "bitwise_different": 31,
        "significant_reference_elements": 32768,
        "sign_flips_on_significant_elements": 0,
        "max_abs_error": 1.821666955947876e-06,
        "reference_l2": 0.0018101152574187059,
        "actual_l2": 0.0018101093811075954,
        "relative_l2_error": 0.001006382317677329,
        "cosine_similarity": 0.9999994936009408,
        "allclose": false,
        "bitwise_equal": false
      },
      {
        "name": "sr.RDBs.5.convs.5.conv.0.weight",
        "elements": 221184,
        "reference_sq": 2.1778798926551997e-05,
        "actual_sq": 2.177879167707819e-05,
        "difference_sq": 3.3248654457730945e-12,
        "dot": 2.1778793639382366e-05,
        "outside_tolerance": 17,
        "bitwise_different": 2179,
        "significant_reference_elements": 221181,
        "sign_flips_on_significant_elements": 0,
        "max_abs_error": 1.4035031199455261e-06,
        "reference_l2": 0.004666776074181404,
        "actual_l2": 0.004666775297470212,
        "relative_l2_error": 0.00039072398764856985,
        "cosine_similarity": 0.9999999236673837,
        "allclose": false,
        "bitwise_equal": false
      },
      {
        "name": "sr.RDBs.2.convs.4.conv.0.weight",
        "elements": 184320,
        "reference_sq": 1.8195462504259078e-05,
        "actual_sq": 1.819546579141878e-05,
        "difference_sq": 3.832860050485924e-12,
        "dot": 1.8195462231408898e-05,
        "outside_tolerance": 7,
        "bitwise_different": 1468,
        "significant_reference_elements": 184316,
        "sign_flips_on_significant_elements": 0,
        "max_abs_error": 1.3276003301143646e-06,
        "reference_l2": 0.004265613965686426,
        "actual_l2": 0.004265614350995502,
        "relative_l2_error": 0.00045896538393500665,
        "cosine_similarity": 0.9999998946754015,
        "allclose": false,
        "bitwise_equal": false
      },
      {
        "name": "sr.RDBs.4.LFF.weight",
        "elements": 36864,
        "reference_sq": 3.6743470479130607e-06,
        "actual_sq": 3.674355191286483e-06,
        "difference_sq": 1.6751596883326127e-12,
        "dot": 3.674350282019927e-06,
        "outside_tolerance": 2,
        "bitwise_different": 90,
        "significant_reference_elements": 36864,
        "sign_flips_on_significant_elements": 0,
        "max_abs_error": 1.2889504432678223e-06,
        "reference_l2": 0.0019168586405661375,
        "actual_l2": 0.0019168607647104896,
        "relative_l2_error": 0.0006752086850217702,
        "cosine_similarity": 0.9999997720474822,
        "allclose": false,
        "bitwise_equal": false
      },
      {
        "name": "sr.RDBs.3.convs.6.conv.0.weight",
        "elements": 258048,
        "reference_sq": 2.5431154892782968e-05,
        "actual_sq": 2.5431157087820237e-05,
        "difference_sq": 2.0542658608133088e-12,
        "dot": 2.5431154963168665e-05,
        "outside_tolerance": 8,
        "bitwise_different": 2779,
        "significant_reference_elements": 258042,
        "sign_flips_on_significant_elements": 0,
        "max_abs_error": 1.2060627341270447e-06,
        "reference_l2": 0.0050429311806510875,
        "actual_l2": 0.005042931398286143,
        "relative_l2_error": 0.00028421387959113946,
        "cosine_similarity": 0.9999999596112377,
        "allclose": false,
        "bitwise_equal": false
      },
      {
        "name": "sr.RDBs.7.convs.5.conv.0.weight",
        "elements": 221184,
        "reference_sq": 2.1664594503242487e-05,
        "actual_sq": 2.1664583685064635e-05,
        "difference_sq": 2.614832227548081e-12,
        "dot": 2.1664587786737443e-05,
        "outside_tolerance": 7,
        "bitwise_different": 2596,
        "significant_reference_elements": 221181,
        "sign_flips_on_significant_elements": 0,
        "max_abs_error": 1.1255033314228058e-06,
        "reference_l2": 0.0046545240898766965,
        "actual_l2": 0.0046545229277622675,
        "relative_l2_error": 0.00034741345328059375,
        "cosine_similarity": 0.999999939651962,
        "allclose": false,
        "bitwise_equal": false
      },
      {
        "name": "sr.RDBs.1.convs.5.conv.0.weight",
        "elements": 221184,
        "reference_sq": 2.1843139762601917e-05,
        "actual_sq": 2.1843124245268243e-05,
        "difference_sq": 1.742485661983274e-12,
        "dot": 2.1843131132692247e-05,
        "outside_tolerance": 8,
        "bitwise_different": 2213,
        "significant_reference_elements": 221182,
        "sign_flips_on_significant_elements": 0,
        "max_abs_error": 1.0868534445762634e-06,
        "reference_l2": 0.004673664489734144,
        "actual_l2": 0.004673662829651733,
        "relative_l2_error": 0.00028244056675904585,
        "cosine_similarity": 0.999999960113712,
        "allclose": false,
        "bitwise_equal": false
      }
    ],
    "numerically_close": false,
    "bitwise_equal": false
  },
  "numerical_equivalence_passed": false,
  "bitwise_equal": false,
  "full_vs_full_repeat": {
    "elements": 22970266,
    "reference_sq": 1313.710175846069,
    "actual_sq": 1313.7102453802145,
    "difference_sq": 4.78822283768137e-10,
    "dot": 1313.7102106129125,
    "outside_tolerance": 0,
    "bitwise_different": 16925834,
    "significant_reference_elements": 16650529,
    "sign_flips_on_significant_elements": 0,
    "max_abs_error": 4.6938657760620117e-07,
    "reference_l2": 36.24514003071403,
    "actual_l2": 36.245140989934285,
    "relative_l2_error": 6.037225460322901e-07,
    "cosine_similarity": 0.9999999999998259,
    "allclose": true,
    "bitwise_equal": false
  },
  "full_vs_full_repeat_post_adam": {
    "tolerances": {
      "parameters": {
        "atol": 1e-07,
        "rtol": 1e-05
      },
      "updates": {
        "atol": 1e-07,
        "rtol": 0.0001
      },
      "exp_avg": {
        "atol": 2e-06,
        "rtol": 0.0002
      },
      "exp_avg_sq": {
        "atol": 2e-08,
        "rtol": 0.0004
      }
    },
    "metrics": {
      "parameters": {
        "elements": 22970266,
        "reference_sq": 14899.401147978879,
        "actual_sq": 14899.401148878876,
        "difference_sq": 1.5234536640908685e-10,
        "dot": 14899.401148429028,
        "outside_tolerance": 163,
        "bitwise_different": 112488,
        "significant_reference_elements": 22970111,
        "sign_flips_on_significant_elements": 0,
        "max_abs_error": 9.706243872642517e-06,
        "reference_l2": 122.06310313923237,
        "actual_l2": 122.06310314291898,
        "relative_l2_error": 1.0111840678115617e-07,
        "cosine_similarity": 1.0,
        "allclose": false,
        "bitwise_equal": false
      },
      "updates": {
        "elements": 22970266,
        "reference_sq": 0.0022792281419232304,
        "actual_sq": 0.002279228178467523,
        "difference_sq": 1.5234536640908685e-10,
        "dot": 0.0022792280840226915,
        "outside_tolerance": 298,
        "bitwise_different": 112488,
        "significant_reference_elements": 22970010,
        "sign_flips_on_significant_elements": 8,
        "max_abs_error": 9.706243872642517e-06,
        "reference_l2": 0.04774126246679313,
        "actual_l2": 0.047741262849525914,
        "relative_l2_error": 0.00025853582160271284,
        "cosine_similarity": 0.9999999665796138,
        "allclose": false,
        "bitwise_equal": false
      },
      "exp_avg": {
        "elements": 22970266,
        "reference_sq": 13.137105973758098,
        "actual_sq": 13.137106670784274,
        "difference_sq": 4.794863564074355e-12,
        "dot": 13.13710632226887,
        "outside_tolerance": 0,
        "bitwise_different": 16414666,
        "significant_reference_elements": 16653952,
        "sign_flips_on_significant_elements": 0,
        "max_abs_error": 4.7031790018081665e-08,
        "reference_l2": 3.6245145845696496,
        "actual_l2": 3.6245146807240656,
        "relative_l2_error": 6.041409516791136e-07,
        "cosine_similarity": 0.999999999999824,
        "allclose": true,
        "bitwise_equal": false
      },
      "exp_avg_sq": {
        "elements": 22970266,
        "reference_sq": 0.0006324727759158808,
        "actual_sq": 0.0006324727811063591,
        "difference_sq": 9.071166060155617e-18,
        "dot": 0.0006324727785111153,
        "outside_tolerance": 0,
        "bitwise_different": 16654216,
        "significant_reference_elements": 2930760,
        "sign_flips_on_significant_elements": 0,
        "max_abs_error": 2.546585164964199e-10,
        "reference_l2": 0.025149011430191066,
        "actual_l2": 0.025149011533385543,
        "relative_l2_error": 1.1975968373045318e-07,
        "cosine_similarity": 0.9999999999999927,
        "allclose": true,
        "bitwise_equal": false
      }
    },
    "all_adam_steps_equal_one": true,
    "adam_parameter_count": 227,
    "parameters_without_adam_state": [],
    "worst_updates": [
      {
        "name": "sr.GFF.0.weight",
        "elements": 32768,
        "reference_sq": 3.276517245139988e-06,
        "actual_sq": 3.2764803291184343e-06,
        "difference_sq": 9.42111729832392e-11,
        "dot": 3.2764516815427197e-06,
        "outside_tolerance": 1,
        "bitwise_different": 46,
        "significant_reference_elements": 32768,
        "sign_flips_on_significant_elements": 1,
        "max_abs_error": 9.706243872642517e-06,
        "reference_l2": 0.0018101152574187059,
        "actual_l2": 0.0018101050602433093,
        "relative_l2_error": 0.005362224300692006,
        "cosine_similarity": 0.9999856232101516,
        "allclose": false,
        "bitwise_equal": false
      },
      {
        "name": "region_encoder.layer3.0.conv1.weight",
        "elements": 294912,
        "reference_sq": 2.9486240952810356e-05,
        "actual_sq": 2.9486244006795474e-05,
        "difference_sq": 8.687086405435356e-12,
        "dot": 2.948623813625971e-05,
        "outside_tolerance": 4,
        "bitwise_different": 461,
        "significant_reference_elements": 294912,
        "sign_flips_on_significant_elements": 1,
        "max_abs_error": 2.9206275939941406e-06,
        "reference_l2": 0.00543012347491384,
        "actual_l2": 0.005430123756121537,
        "relative_l2_error": 0.0005427844103643269,
        "cosine_similarity": 0.9999998526925508,
        "allclose": false,
        "bitwise_equal": false
      },
      {
        "name": "region_encoder.layer1.0.conv1.weight",
        "elements": 36864,
        "reference_sq": 3.684117738253277e-06,
        "actual_sq": 3.6841429019249605e-06,
        "difference_sq": 7.0656816500226356e-12,
        "dot": 3.6841267872482936e-06,
        "outside_tolerance": 1,
        "bitwise_different": 30,
        "significant_reference_elements": 36864,
        "sign_flips_on_significant_elements": 0,
        "max_abs_error": 2.6579946279525757e-06,
        "reference_l2": 0.0019194055689856892,
        "actual_l2": 0.0019194121240434427,
        "relative_l2_error": 0.0013848740660369018,
        "cosine_similarity": 0.9999990410710171,
        "allclose": false,
        "bitwise_equal": false
      },
      {
        "name": "region_encoder.conv1.weight",
        "elements": 200704,
        "reference_sq": 2.006985152342757e-05,
        "actual_sq": 2.0069826955911518e-05,
        "difference_sq": 2.308139486092008e-12,
        "dot": 2.0069838085599797e-05,
        "outside_tolerance": 1,
        "bitwise_different": 468,
        "significant_reference_elements": 200704,
        "sign_flips_on_significant_elements": 0,
        "max_abs_error": 1.5175901353359222e-06,
        "reference_l2": 0.0044799387856786135,
        "actual_l2": 0.004479936043730035,
        "relative_l2_error": 0.00033912432749812427,
        "cosine_similarity": 0.9999999424974972,
        "allclose": false,
        "bitwise_equal": false
      },
      {
        "name": "sr.RDBs.4.LFF.weight",
        "elements": 36864,
        "reference_sq": 3.6743470479130607e-06,
        "actual_sq": 3.6743550036317166e-06,
        "difference_sq": 2.223104917797953e-12,
        "dot": 3.6743499142199297e-06,
        "outside_tolerance": 1,
        "bitwise_different": 84,
        "significant_reference_elements": 36864,
        "sign_flips_on_significant_elements": 0,
        "max_abs_error": 1.4901161193847656e-06,
        "reference_l2": 0.0019168586405661375,
        "actual_l2": 0.0019168607157620287,
        "relative_l2_error": 0.0007778393195763889,
        "cosine_similarity": 0.9999996974839099,
        "allclose": false,
        "bitwise_equal": false
      },
      {
        "name": "sr.RDBs.0.convs.7.conv.0.weight",
        "elements": 294912,
        "reference_sq": 2.8999203647132806e-05,
        "actual_sq": 2.89992080379937e-05,
        "difference_sq": 2.0870769617266725e-12,
        "dot": 2.8999204799024762e-05,
        "outside_tolerance": 13,
        "bitwise_different": 3142,
        "significant_reference_elements": 294905,
        "sign_flips_on_significant_elements": 0,
        "max_abs_error": 1.2218952178955078e-06,
        "reference_l2": 0.0053850908671194036,
        "actual_l2": 0.005385091274806185,
        "relative_l2_error": 0.0002682725245458513,
        "cosine_similarity": 0.9999999640149315,
        "allclose": false,
        "bitwise_equal": false
      },
      {
        "name": "sr.RDBs.3.convs.3.conv.0.weight",
        "elements": 147456,
        "reference_sq": 1.4600479440106078e-05,
        "actual_sq": 1.4600491706590387e-05,
        "difference_sq": 1.704119617065743e-12,
        "dot": 1.4600484721288423e-05,
        "outside_tolerance": 4,
        "bitwise_different": 995,
        "significant_reference_elements": 147454,
        "sign_flips_on_significant_elements": 0,
        "max_abs_error": 1.2218952178955078e-06,
        "reference_l2": 0.003821057371998761,
        "actual_l2": 0.003821058977114903,
        "relative_l2_error": 0.00034163824278289195,
        "cosine_similarity": 0.9999999416417681,
        "allclose": false,
        "bitwise_equal": false
      },
      {
        "name": "sr.RDBs.6.convs.2.conv.0.weight",
        "elements": 110592,
        "reference_sq": 1.0909964674450317e-05,
        "actual_sq": 1.0909980853340321e-05,
        "difference_sq": 1.6972625492307958e-12,
        "dot": 1.0909971915264044e-05,
        "outside_tolerance": 4,
        "bitwise_different": 835,
        "significant_reference_elements": 110591,
        "sign_flips_on_significant_elements": 0,
        "max_abs_error": 1.1568190529942513e-06,
        "reference_l2": 0.0033030235655305755,
        "actual_l2": 0.0033030260146326915,
        "relative_l2_error": 0.0003944235539965186,
        "cosine_similarity": 0.9999999222153625,
        "allclose": false,
        "bitwise_equal": false
      },
      {
        "name": "sr.RDBs.1.convs.3.conv.0.weight",
        "elements": 147456,
        "reference_sq": 1.4587624745434584e-05,
        "actual_sq": 1.4587622402997522e-05,
        "difference_sq": 1.8562437135860323e-12,
        "dot": 1.4587622646094197e-05,
        "outside_tolerance": 5,
        "bitwise_different": 1149,
        "significant_reference_elements": 147456,
        "sign_flips_on_significant_elements": 0,
        "max_abs_error": 1.092790625989437e-06,
        "reference_l2": 0.0038193749155371725,
        "actual_l2": 0.0038193746088852716,
        "relative_l2_error": 0.0003567181495489038,
        "cosine_similarity": 0.9999999363760791,
        "allclose": false,
        "bitwise_equal": false
      },
      {
        "name": "sr.RDBs.6.convs.7.conv.0.weight",
        "elements": 294912,
        "reference_sq": 2.8940545204739747e-05,
        "actual_sq": 2.8940546496689618e-05,
        "difference_sq": 1.3765485924465108e-12,
        "dot": 2.8940545162440382e-05,
        "outside_tolerance": 6,
        "bitwise_different": 3183,
        "significant_reference_elements": 294901,
        "sign_flips_on_significant_elements": 1,
        "max_abs_error": 1.050066202878952e-06,
        "reference_l2": 0.005379641735723648,
        "actual_l2": 0.0053796418558013336,
        "relative_l2_error": 0.00021809334781264364,
        "cosine_similarity": 0.9999999762176465,
        "allclose": false,
        "bitwise_equal": false
      }
    ],
    "numerically_close": false,
    "bitwise_equal": false
  },
  "parameter_tensors_outside_tolerance": 0,
  "negative_control": {
    "parameter": "sr.sub_mean.weight",
    "self_comparison_exact": true,
    "doubling_gradient_detected": true
  },
  "runs": [
    {
      "mode": "full",
      "max_memory_allocated": 3498711040,
      "max_memory_reserved": 3969908736,
      "elapsed_seconds": 10.620740799997293,
      "tf32": {
        "matmul": false,
        "cudnn": false
      }
    },
    {
      "mode": "micro1",
      "max_memory_allocated": 2295876608,
      "max_memory_reserved": 2894069760,
      "elapsed_seconds": 9.649466899998515,
      "tf32": {
        "matmul": false,
        "cudnn": false
      }
    }
  ],
  "status": "comparison_complete",
  "strict_tolerance_passed": true
}
SAVED reports\d8_n2_equivalence\fp32_comparison.json
