{
  "precision": "fp32",
  "data_root": "D:\\ddata",
  "same_initial_state": true,
  "initial_state_sha256": "44a6c7beafe2ab714fbb597b0a434721f4c7f7f95199cbc1531891911374ab34",
  "same_hr_crops": true,
  "hr_crops": [
    {
      "paths": [
        "D:\\ddata\\images_8192\\normal_001_31168_86336.jpg"
      ],
      "box_y_x_h_w": [
        4116,
        1603,
        256,
        256
      ]
    },
    {
      "paths": [
        "D:\\ddata\\images_8192\\normal_001_57152_100032.jpg"
      ],
      "box_y_x_h_w": [
        5702,
        7172,
        256,
        256
      ]
    }
  ],
  "atol": 2e-05,
  "rtol": 0.0002,
  "tolerance_source": "tests/test_engine.py batching gradient comparison",
  "losses": {
    "loss_total": {
      "full": 0.5728664994239807,
      "micro1": 0.5728664994239807,
      "abs_error": 0.0
    },
    "loss_cls": {
      "full": 0.4925444424152374,
      "micro1": 0.4925444424152374,
      "abs_error": 0.0
    },
    "loss_sr": {
      "full": 0.8032205700874329,
      "micro1": 0.8032205700874329,
      "abs_error": 0.0
    }
  },
  "logits_max_abs_error": 0.0,
  "parameter_tensors_compared": 371,
  "none_in_both": [],
  "all_parameters": {
    "elements": 33919386,
    "reference_sq": 1103.338404883413,
    "actual_sq": 1103.338516364739,
    "difference_sq": 5.025162555684861e-10,
    "dot": 1103.3384606238262,
    "outside_tolerance": 0,
    "bitwise_different": 30455983,
    "significant_reference_elements": 22622896,
    "sign_flips_on_significant_elements": 0,
    "max_abs_error": 9.5367431640625e-07,
    "reference_l2": 33.21653812310086,
    "actual_l2": 33.21653980120053,
    "relative_l2_error": 6.748708810560437e-07,
    "cosine_similarity": 0.999999999999775,
    "allclose": true,
    "bitwise_equal": false
  },
  "groups": {
    "classifier": {
      "elements": 1026,
      "reference_sq": 187.64584891861196,
      "actual_sq": 187.64584891861196,
      "difference_sq": 0.0,
      "dot": 187.64584891861188,
      "outside_tolerance": 0,
      "bitwise_different": 0,
      "significant_reference_elements": 1022,
      "sign_flips_on_significant_elements": 0,
      "max_abs_error": 0.0,
      "reference_l2": 13.698388551892224,
      "actual_l2": 13.698388551892224,
      "relative_l2_error": 0.0,
      "cosine_similarity": 0.9999999999999996,
      "allclose": true,
      "bitwise_equal": true
    },
    "mil_head": {
      "elements": 131456,
      "reference_sq": 4.908613908122128e-05,
      "actual_sq": 4.908613908122128e-05,
      "difference_sq": 0.0,
      "dot": 4.9086139081221316e-05,
      "outside_tolerance": 0,
      "bitwise_different": 0,
      "significant_reference_elements": 16995,
      "sign_flips_on_significant_elements": 0,
      "max_abs_error": 0.0,
      "reference_l2": 0.007006150089829741,
      "actual_l2": 0.007006150089829741,
      "relative_l2_error": 0.0,
      "cosine_similarity": 1.0,
      "allclose": true,
      "bitwise_equal": true
    },
    "pos2weight": {
      "elements": 445120,
      "reference_sq": 0.8348913202111908,
      "actual_sq": 0.8348913202111908,
      "difference_sq": 0.0,
      "dot": 0.834891320211197,
      "outside_tolerance": 0,
      "bitwise_different": 0,
      "significant_reference_elements": 264018,
      "sign_flips_on_significant_elements": 0,
      "max_abs_error": 0.0,
      "reference_l2": 0.9137238752550964,
      "actual_l2": 0.9137238752550964,
      "relative_l2_error": 0.0,
      "cosine_similarity": 1.0,
      "allclose": true,
      "bitwise_equal": true
    },
    "rdn": {
      "elements": 21973976,
      "reference_sq": 51.83609985159319,
      "actual_sq": 51.83612190753937,
      "difference_sq": 7.729330211549298e-11,
      "dot": 51.836110879527624,
      "outside_tolerance": 0,
      "bitwise_different": 20754121,
      "significant_reference_elements": 11908551,
      "sign_flips_on_significant_elements": 0,
      "max_abs_error": 4.172325134277344e-07,
      "reference_l2": 7.1997291512662605,
      "actual_l2": 7.199730682986647,
      "relative_l2_error": 1.2211099552612034e-06,
      "cosine_similarity": 0.9999999999992769,
      "allclose": true,
      "bitwise_equal": false
    },
    "region_encoder": {
      "elements": 11367808,
      "reference_sq": 863.0215157068574,
      "actual_sq": 863.0216051322373,
      "difference_sq": 4.2522295345299305e-10,
      "dot": 863.0215604193365,
      "outside_tolerance": 0,
      "bitwise_different": 9701862,
      "significant_reference_elements": 10432310,
      "sign_flips_on_significant_elements": 0,
      "max_abs_error": 9.5367431640625e-07,
      "reference_l2": 29.377227842443837,
      "actual_l2": 29.37722936446249,
      "relative_l2_error": 7.019360351221208e-07,
      "cosine_similarity": 0.9999999999997571,
      "allclose": true,
      "bitwise_equal": false
    }
  },
  "full_vs_full_repeat": null,
  "parameter_tensors_outside_tolerance": 0,
  "negative_control": {
    "parameter": "sr.sub_mean.weight",
    "self_comparison_exact": true,
    "doubling_gradient_detected": true
  },
  "runs": [
    {
      "mode": "full",
      "max_memory_allocated": 4078938112,
      "max_memory_reserved": 5421137920,
      "elapsed_seconds": 39.999479300000075,
      "tf32": {
        "matmul": false,
        "cudnn": false
      }
    },
    {
      "mode": "micro1",
      "max_memory_allocated": 2882302976,
      "max_memory_reserved": 3651141632,
      "elapsed_seconds": 84.45947419999993,
      "tf32": {
        "matmul": false,
        "cudnn": false
      }
    }
  ],
  "status": "comparison_complete",
  "strict_tolerance_passed": true
}
SAVED reports\real_n2_batch_compare_20260930\fp32_comparison.json
